// Jest Snapshot v1, https://jestjs.io/docs/snapshot-testing

exports[`MiniStackStack — snapshot matches the synthesized CloudFormation snapshot 1`] = `
{
  "Parameters": {
    "BootstrapVersion": {
      "Default": "/cdk-bootstrap/hnb659fds/version",
      "Description": "Version of the CDK Bootstrap resources in this environment, automatically retrieved from SSM Parameter Store. [cdk:skip]",
      "Type": "AWS::SSM::Parameter::Value<String>",
    },
  },
  "Resources": {
    "DataBucketE3889A50": {
      "DeletionPolicy": "Delete",
      "Properties": {
        "BucketEncryption": {
          "ServerSideEncryptionConfiguration": [
            {
              "ServerSideEncryptionByDefault": {
                "SSEAlgorithm": "AES256",
              },
            },
          ],
        },
        "BucketName": "cdk-demo-bucket",
        "LifecycleConfiguration": {
          "Rules": [
            {
              "AbortIncompleteMultipartUpload": {
                "DaysAfterInitiation": 7,
              },
              "Id": "expire-noncurrent-versions",
              "NoncurrentVersionExpiration": {
                "NewerNoncurrentVersions": 1,
                "NoncurrentDays": 30,
              },
              "Status": "Enabled",
            },
          ],
        },
        "LoggingConfiguration": {
          "DestinationBucketName": {
            "Ref": "LogBucketCC3B17E8",
          },
          "LogFilePrefix": "data-bucket/",
        },
        "PublicAccessBlockConfiguration": {
          "BlockPublicAcls": true,
          "BlockPublicPolicy": true,
          "IgnorePublicAcls": true,
          "RestrictPublicBuckets": true,
        },
        "VersioningConfiguration": {
          "Status": "Enabled",
        },
      },
      "Type": "AWS::S3::Bucket",
      "UpdateReplacePolicy": "Delete",
    },
    "DataBucketPolicy3231C704": {
      "Properties": {
        "Bucket": {
          "Ref": "DataBucketE3889A50",
        },
        "PolicyDocument": {
          "Statement": [
            {
              "Action": "s3:*",
              "Condition": {
                "Bool": {
                  "aws:SecureTransport": "false",
                },
              },
              "Effect": "Deny",
              "Principal": {
                "AWS": "*",
              },
              "Resource": [
                {
                  "Fn::GetAtt": [
                    "DataBucketE3889A50",
                    "Arn",
                  ],
                },
                {
                  "Fn::Join": [
                    "",
                    [
                      {
                        "Fn::GetAtt": [
                          "DataBucketE3889A50",
                          "Arn",
                        ],
                      },
                      "/*",
                    ],
                  ],
                },
              ],
            },
          ],
          "Version": "2012-10-17",
        },
      },
      "Type": "AWS::S3::BucketPolicy",
    },
    "Doubler90AA16BC": {
      "DependsOn": [
        "DoublerRoleDefaultPolicy00CF2DA5",
        "DoublerRoleEB777A54",
      ],
      "Metadata": {
        "checkov": {
          "skip": [
            {
              "comment": "Demo Lambda accesses no VPC-private resources; a VPC adds ENI/NAT overhead with no security benefit.",
              "id": "CKV_AWS_117",
            },
          ],
        },
      },
      "Properties": {
        "Code": {
          "S3Bucket": "cdk-hnb659fds-assets-000000000000-us-east-1",
          "S3Key": Any<String>,
        },
        "DeadLetterConfig": {
          "TargetArn": {
            "Fn::GetAtt": [
              "DoublerDlq3080075A",
              "Arn",
            ],
          },
        },
        "FunctionName": "cdk-doubler",
        "Handler": "index.handler",
        "LoggingConfig": {
          "LogGroup": {
            "Ref": "DoublerLogGroup78866AB5",
          },
        },
        "ReservedConcurrentExecutions": 5,
        "Role": {
          "Fn::GetAtt": [
            "DoublerRoleEB777A54",
            "Arn",
          ],
        },
        "Runtime": "nodejs24.x",
      },
      "Type": "AWS::Lambda::Function",
    },
    "DoublerDlq3080075A": {
      "DeletionPolicy": "Delete",
      "Properties": {
        "KmsMasterKeyId": {
          "Fn::GetAtt": [
            "DoublerDlqKeyEA61CA01",
            "Arn",
          ],
        },
      },
      "Type": "AWS::SQS::Queue",
      "UpdateReplacePolicy": "Delete",
    },
    "DoublerDlqDepthAlarm0EAB09A2": {
      "Properties": {
        "AlarmDescription": "Dead-letter queue for cdk-doubler has visible messages: a failed async invocation needs investigation.",
        "AlarmName": "cdk-doubler-dlq-depth",
        "ComparisonOperator": "GreaterThanThreshold",
        "Dimensions": [
          {
            "Name": "QueueName",
            "Value": {
              "Fn::GetAtt": [
                "DoublerDlq3080075A",
                "QueueName",
              ],
            },
          },
        ],
        "EvaluationPeriods": 1,
        "MetricName": "ApproximateNumberOfMessagesVisible",
        "Namespace": "AWS/SQS",
        "Period": 60,
        "Statistic": "Maximum",
        "Threshold": 0,
        "TreatMissingData": "notBreaching",
      },
      "Type": "AWS::CloudWatch::Alarm",
    },
    "DoublerDlqKeyEA61CA01": {
      "DeletionPolicy": "Delete",
      "Properties": {
        "EnableKeyRotation": true,
        "KeyPolicy": {
          "Statement": [
            {
              "Action": "kms:*",
              "Effect": "Allow",
              "Principal": {
                "AWS": {
                  "Fn::Join": [
                    "",
                    [
                      "arn:",
                      {
                        "Ref": "AWS::Partition",
                      },
                      ":iam::000000000000:root",
                    ],
                  ],
                },
              },
              "Resource": "*",
            },
          ],
          "Version": "2012-10-17",
        },
      },
      "Type": "AWS::KMS::Key",
      "UpdateReplacePolicy": "Delete",
    },
    "DoublerDlqPolicy9F72791F": {
      "Properties": {
        "PolicyDocument": {
          "Statement": [
            {
              "Action": "sqs:*",
              "Condition": {
                "Bool": {
                  "aws:SecureTransport": "false",
                },
              },
              "Effect": "Deny",
              "Principal": {
                "AWS": "*",
              },
              "Resource": {
                "Fn::GetAtt": [
                  "DoublerDlq3080075A",
                  "Arn",
                ],
              },
            },
          ],
          "Version": "2012-10-17",
        },
        "Queues": [
          {
            "Ref": "DoublerDlq3080075A",
          },
        ],
      },
      "Type": "AWS::SQS::QueuePolicy",
    },
    "DoublerLogGroup78866AB5": {
      "DeletionPolicy": "Delete",
      "Properties": {
        "KmsKeyId": {
          "Fn::GetAtt": [
            "DoublerLogKey2772D20E",
            "Arn",
          ],
        },
        "LogGroupName": "/aws/lambda/cdk-doubler",
        "RetentionInDays": 7,
      },
      "Type": "AWS::Logs::LogGroup",
      "UpdateReplacePolicy": "Delete",
    },
    "DoublerLogKey2772D20E": {
      "DeletionPolicy": "Delete",
      "Properties": {
        "EnableKeyRotation": true,
        "KeyPolicy": {
          "Statement": [
            {
              "Action": "kms:*",
              "Effect": "Allow",
              "Principal": {
                "AWS": {
                  "Fn::Join": [
                    "",
                    [
                      "arn:",
                      {
                        "Ref": "AWS::Partition",
                      },
                      ":iam::000000000000:root",
                    ],
                  ],
                },
              },
              "Resource": "*",
            },
            {
              "Action": [
                "kms:Encrypt*",
                "kms:Decrypt*",
                "kms:ReEncrypt*",
                "kms:GenerateDataKey*",
                "kms:Describe*",
              ],
              "Condition": {
                "ArnLike": {
                  "kms:EncryptionContext:aws:logs:arn": {
                    "Fn::Join": [
                      "",
                      [
                        "arn:",
                        {
                          "Ref": "AWS::Partition",
                        },
                        ":logs:us-east-1:000000000000:log-group:/aws/lambda/cdk-doubler",
                      ],
                    ],
                  },
                },
              },
              "Effect": "Allow",
              "Principal": {
                "Service": "logs.us-east-1.amazonaws.com",
              },
              "Resource": "*",
            },
          ],
          "Version": "2012-10-17",
        },
      },
      "Type": "AWS::KMS::Key",
      "UpdateReplacePolicy": "Delete",
    },
    "DoublerRoleDefaultPolicy00CF2DA5": {
      "Properties": {
        "PolicyDocument": {
          "Statement": [
            {
              "Action": [
                "logs:CreateLogStream",
                "logs:PutLogEvents",
              ],
              "Effect": "Allow",
              "Resource": {
                "Fn::GetAtt": [
                  "DoublerLogGroup78866AB5",
                  "Arn",
                ],
              },
            },
            {
              "Action": "sqs:SendMessage",
              "Effect": "Allow",
              "Resource": {
                "Fn::GetAtt": [
                  "DoublerDlq3080075A",
                  "Arn",
                ],
              },
            },
          ],
          "Version": "2012-10-17",
        },
        "PolicyName": "DoublerRoleDefaultPolicy00CF2DA5",
        "Roles": [
          {
            "Ref": "DoublerRoleEB777A54",
          },
        ],
      },
      "Type": "AWS::IAM::Policy",
    },
    "DoublerRoleEB777A54": {
      "Properties": {
        "AssumeRolePolicyDocument": {
          "Statement": [
            {
              "Action": "sts:AssumeRole",
              "Effect": "Allow",
              "Principal": {
                "Service": "lambda.amazonaws.com",
              },
            },
          ],
          "Version": "2012-10-17",
        },
      },
      "Type": "AWS::IAM::Role",
    },
    "LogBucketCC3B17E8": {
      "DeletionPolicy": "Delete",
      "Properties": {
        "AccessControl": "LogDeliveryWrite",
        "BucketEncryption": {
          "ServerSideEncryptionConfiguration": [
            {
              "ServerSideEncryptionByDefault": {
                "SSEAlgorithm": "AES256",
              },
            },
          ],
        },
        "BucketName": "cdk-demo-log-bucket",
        "LifecycleConfiguration": {
          "Rules": [
            {
              "AbortIncompleteMultipartUpload": {
                "DaysAfterInitiation": 7,
              },
              "Id": "expire-noncurrent-versions",
              "NoncurrentVersionExpiration": {
                "NewerNoncurrentVersions": 1,
                "NoncurrentDays": 30,
              },
              "Status": "Enabled",
            },
            {
              "ExpirationInDays": 90,
              "Id": "expire-access-logs",
              "Prefix": "self/",
              "Status": "Enabled",
            },
          ],
        },
        "LoggingConfiguration": {
          "LogFilePrefix": "self/",
        },
        "OwnershipControls": {
          "Rules": [
            {
              "ObjectOwnership": "ObjectWriter",
            },
          ],
        },
        "PublicAccessBlockConfiguration": {
          "BlockPublicAcls": true,
          "BlockPublicPolicy": true,
          "IgnorePublicAcls": true,
          "RestrictPublicBuckets": true,
        },
        "VersioningConfiguration": {
          "Status": "Enabled",
        },
      },
      "Type": "AWS::S3::Bucket",
      "UpdateReplacePolicy": "Delete",
    },
    "LogBucketPolicy900DBE48": {
      "Properties": {
        "Bucket": {
          "Ref": "LogBucketCC3B17E8",
        },
        "PolicyDocument": {
          "Statement": [
            {
              "Action": "s3:*",
              "Condition": {
                "Bool": {
                  "aws:SecureTransport": "false",
                },
              },
              "Effect": "Deny",
              "Principal": {
                "AWS": "*",
              },
              "Resource": [
                {
                  "Fn::GetAtt": [
                    "LogBucketCC3B17E8",
                    "Arn",
                  ],
                },
                {
                  "Fn::Join": [
                    "",
                    [
                      {
                        "Fn::GetAtt": [
                          "LogBucketCC3B17E8",
                          "Arn",
                        ],
                      },
                      "/*",
                    ],
                  ],
                },
              ],
            },
          ],
          "Version": "2012-10-17",
        },
      },
      "Type": "AWS::S3::BucketPolicy",
    },
  },
  "Rules": {
    "CheckBootstrapVersion": {
      "Assertions": [
        {
          "Assert": {
            "Fn::Not": [
              {
                "Fn::Contains": [
                  [
                    "1",
                    "2",
                    "3",
                    "4",
                    "5",
                  ],
                  {
                    "Ref": "BootstrapVersion",
                  },
                ],
              },
            ],
          },
          "AssertDescription": "CDK bootstrap stack version 6 required. Please run 'cdk bootstrap' with a recent version of the CDK CLI.",
        },
      ],
    },
  },
}
`;
